[22m[36mINFO: [1;37mStarting sand-leek 0.5
[22m[31mERROR: [1;37msearch contains non-base-32 character(s): 1
I cannot search for something that will never occur
